---
source: src/tests/krate/publish/manifest.rs
expression: response.into_json()
---
{
  "errors": [
    {
      "detail": "uploaded tarball is missing a `Cargo.toml` manifest file; `CARGO.TOML` was found, but must be named `Cargo.toml` with that exact casing"
    }
  ]
}
