---
source: src/tests/krate/publish/keywords.rs
expression: response.into_json()
---
{
  "errors": [
    {
      "detail": "\"?@?%\" is an invalid keyword"
    }
  ]
}
