---
source: src/tests/krate/publish/max_size.rs
expression: response.into_json()
---
{
  "errors": [
    {
      "detail": "uploaded tarball is malformed or too large when decompressed"
    }
  ]
}
