---
source: src/tests/krate/publish/validation.rs
expression: response.into_json()
---
{
  "errors": [
    {
      "detail": "URL for field `documentation` must begin with http:// or https:// (url: javascript:alert('boom'))"
    }
  ]
}
