---
source: src/tests/krate/publish/tarball.rs
expression: response.into_json()
---
{
  "errors": [
    {
      "detail": "unexpected symlink or hard link found: foo-1.1.0/bar"
    }
  ]
}
