---
source: src/tests/krate/publish/auth.rs
expression: response.into_json()
---
{
  "errors": [
    {
      "detail": "this crate exists but you don't seem to be an owner. If you believe this is a mistake, perhaps you need to accept an invitation to be an owner before publishing."
    }
  ]
}
