---
source: src/tests/krate/publish/validation.rs
expression: response.into_json()
---
{
  "errors": [
    {
      "detail": "invalid character `á` in crate name: `áccênts`, the first character must be an ASCII character"
    }
  ]
}
