---
source: src/tests/krate/publish/dependencies.rs
expression: response.into_json()
---
{
  "errors": [
    {
      "detail": "invalid character `🍺` in feature `🍺`, the first character must be a Unicode XID start character or digit (most letters or `_` or `0` to `9`)"
    }
  ]
}
