---
source: src/tests/krate/publish/emails.rs
expression: response.into_json()
---
{
  "errors": [
    {
      "detail": "A verified email address is required to publish crates to crates.io. Visit https://crates.io/settings/profile to set and verify your email address."
    }
  ]
}
