---
source: src/tests/krate/publish/keywords.rs
expression: response.into_json()
---
{
  "errors": [
    {
      "detail": "expected at most 5 keywords per crate"
    }
  ]
}
