---
source: src/tests/krate/publish/manifest.rs
expression: response.into_json()
---
{
  "errors": [
    {
      "detail": "failed to parse `Cargo.toml` manifest file\n\nmissing field `name`\n"
    }
  ]
}
