---
source: src/tests/krate/publish/dependencies.rs
expression: response.into_json()
---
{
  "errors": [
    {
      "detail": "\"broken\" is an invalid version requirement"
    }
  ]
}
