---
source: src/tests/krate/publish/validation.rs
expression: response.into_json()
---
{
  "errors": [
    {
      "detail": "\"broken\" is an invalid semver version"
    }
  ]
}
