---
source: src/tests/krate/publish/manifest.rs
expression: response.into_json()
---
{
  "errors": [
    {
      "detail": "uploaded tarball contains more than one `Cargo.toml` manifest file; found `Cargo.toml`, `cargo.toml`"
    }
  ]
}
