---
source: src/tests/krate/publish/dependencies.rs
expression: response.into_json()
---
{
  "errors": [
    {
      "detail": "the dependency name `fffffffffffffffffffffffffffffffffffffffffffffffffffffffffffffffff` is too long (max 64 characters)"
    }
  ]
}
