---
source: src/tests/krate/publish/tarball.rs
expression: response.into_json()
---
{
  "errors": [
    {
      "detail": "invalid tarball length for remaining payload: 100"
    }
  ]
}
