---
source: src/tests/krate/publish/inheritance.rs
expression: response.into_json()
---
{
  "errors": [
    {
      "detail": "failed to parse `Cargo.toml` manifest file\n\nvalue from workspace hasn't been set"
    }
  ]
}
