---
source: src/tests/krate/publish/keywords.rs
expression: response.into_json()
---
{
  "errors": [
    {
      "detail": "\"super-long-keyword-name-oh-no\" is an invalid keyword (keywords must have less than 20 characters)"
    }
  ]
}
