---
source: src/tests/krate/publish/dependencies.rs
expression: response.into_json()
---
{
  "errors": [
    {
      "detail": "invalid character `ğŸ¦€` in dependency name: `foo-ğŸ¦€-bar`, characters must be an ASCII alphanumeric characters, `-`, or `_`"
    }
  ]
}
