---
source: src/tests/krate/publish/validation.rs
expression: response.into_json()
---
{
  "errors": [
    {
      "detail": "invalid character ` ` in crate name: `foo bar`, characters must be an ASCII alphanumeric characters, `-`, or `_`"
    }
  ]
}
