---
source: src/tests/krate/publish/similar_names.rs
expression: response.into_json()
---
{
  "errors": [
    {
      "detail": "crate was previously named `foo_bar_hyphen`"
    }
  ]
}
