---
source: src/tests/category.rs
assertion_line: 33
expression: json
---
categories:
  - category: foo
    crates_cnt: 0
    created_at: "[datetime]"
    description: Foo crates
    id: foo
    slug: foo
meta:
  total: 1

