---
source: src/tests/models/krate.rs
expression: metadata
---
[
  {
    "name": "foo",
    "vers": "0.1.0",
    "deps": [],
    "cksum": "                                                                ",
    "features": {},
    "yanked": false
  }
]
